dtrace/
dtrace/cmd
dtrace/cmd/intrstat
dtrace/cmd/intrstat/i386
dtrace/cmd/intrstat/i386/Makefile
dtrace/cmd/intrstat/Makefile
dtrace/cmd/intrstat/amd64
dtrace/cmd/intrstat/amd64/Makefile
dtrace/cmd/intrstat/sparcv9
dtrace/cmd/intrstat/sparcv9/Makefile
dtrace/cmd/intrstat/Makefile.com
dtrace/cmd/intrstat/intrstat.c
dtrace/cmd/plockstat
dtrace/cmd/plockstat/i386
dtrace/cmd/plockstat/i386/Makefile
dtrace/cmd/plockstat/Makefile
dtrace/cmd/plockstat/amd64
dtrace/cmd/plockstat/amd64/Makefile
dtrace/cmd/plockstat/sparcv9
dtrace/cmd/plockstat/sparcv9/Makefile
dtrace/cmd/plockstat/plockstat.c
dtrace/cmd/plockstat/Makefile.com
dtrace/cmd/dtrace
dtrace/cmd/dtrace/makefile
dtrace/cmd/dtrace/dtrace.c
dtrace/cmd/lockstat
dtrace/cmd/lockstat/i386
dtrace/cmd/lockstat/i386/Makefile
dtrace/cmd/lockstat/Makefile
dtrace/cmd/lockstat/amd64
dtrace/cmd/lockstat/amd64/Makefile
dtrace/cmd/lockstat/sym.c
dtrace/cmd/lockstat/sparcv9
dtrace/cmd/lockstat/sparcv9/Makefile
dtrace/cmd/lockstat/Makefile.com
dtrace/cmd/lockstat/lockstat.c
dtrace/cmd/isaexec
dtrace/cmd/isaexec/Makefile
dtrace/cmd/isaexec/isaexec.c
dtrace/doc
dtrace/doc/lwn
dtrace/doc/lwn/dtrace.txt
dtrace/doc/lwn/lwn.txt
dtrace/doc/lwn/lwn2.txt
dtrace/doc/lwn/lwn3.txt
dtrace/doc/lwn/lwn4.txt
dtrace/doc/lwn/lwn5.txt
dtrace/doc/porting-guide.txt
dtrace/uts
dtrace/uts/sun4
dtrace/uts/sun4/os
dtrace/uts/sun4/os/dtrace_subr.c
dtrace/uts/i86pc
dtrace/uts/i86pc/os
dtrace/uts/i86pc/os/dtrace_subr.c
dtrace/uts/intel
dtrace/uts/intel/ctf
dtrace/uts/intel/ctf/Makefile
dtrace/uts/intel/sdt
dtrace/uts/intel/sdt/Makefile
dtrace/uts/intel/sys
dtrace/uts/intel/sys/fasttrap_isa.h
dtrace/uts/intel/fasttrap
dtrace/uts/intel/fasttrap/Makefile
dtrace/uts/intel/dtrace
dtrace/uts/intel/dtrace/dtrace_asm.s
dtrace/uts/intel/dtrace/dtrace_isa.c
dtrace/uts/intel/dtrace/Makefile
dtrace/uts/intel/dtrace/fbt.c
dtrace/uts/intel/dtrace/sdt.c
dtrace/uts/intel/dtrace/fbt.conf
dtrace/uts/intel/dtrace/sdt.conf
dtrace/uts/intel/dtrace/fasttrap.conf
dtrace/uts/intel/dtrace/fasttrap_isa.c
dtrace/uts/intel/lockstat
dtrace/uts/intel/lockstat/Makefile
dtrace/uts/intel/profile
dtrace/uts/intel/profile/Makefile
dtrace/uts/sparc
dtrace/uts/sparc/ctf
dtrace/uts/sparc/ctf/Makefile
dtrace/uts/sparc/sdt
dtrace/uts/sparc/sdt/Makefile
dtrace/uts/sparc/sys
dtrace/uts/sparc/sys/fasttrap_isa.h
dtrace/uts/sparc/fasttrap
dtrace/uts/sparc/fasttrap/Makefile
dtrace/uts/sparc/dtrace
dtrace/uts/sparc/dtrace/dtrace_asm.s
dtrace/uts/sparc/dtrace/dtrace_isa.c
dtrace/uts/sparc/dtrace/Makefile
dtrace/uts/sparc/dtrace/fbt.c
dtrace/uts/sparc/dtrace/sdt.c
dtrace/uts/sparc/dtrace/fbt.conf
dtrace/uts/sparc/dtrace/sdt.conf
dtrace/uts/sparc/dtrace/fasttrap.conf
dtrace/uts/sparc/dtrace/fasttrap_isa.c
dtrace/uts/sparc/lockstat
dtrace/uts/sparc/lockstat/Makefile
dtrace/uts/sparc/profile
dtrace/uts/sparc/profile/Makefile
dtrace/uts/common
dtrace/uts/common/os
dtrace/uts/common/os/lockstat_subr.c
dtrace/uts/common/os/dtrace_subr.c
dtrace/uts/common/ctf
dtrace/uts/common/ctf/ctf_mod.c
dtrace/uts/common/ctf/mapfile
dtrace/uts/common/ctf/ctf_subr.c
dtrace/uts/common/sys
dtrace/uts/common/sys/ctf_api.h
dtrace/uts/common/sys/ctf.h
dtrace/uts/common/sys/sdt.h
dtrace/uts/common/sys/dtrace_impl.h
dtrace/uts/common/sys/systrace.h
dtrace/uts/common/sys/fasttrap.h
dtrace/uts/common/sys/dtrace.h
dtrace/uts/common/sys/fasttrap_impl.h
dtrace/uts/common/sys/sdt_impl.h
dtrace/uts/common/sys/lockstat.h
dtrace/uts/common/dtrace
dtrace/uts/common/dtrace/sdt_subr.c
dtrace/uts/common/dtrace/dtrace.conf
dtrace/uts/common/dtrace/systrace.c
dtrace/uts/common/dtrace/fasttrap.c
dtrace/uts/common/dtrace/lockstat.conf
dtrace/uts/common/dtrace/profile.c
dtrace/uts/common/dtrace/systrace.conf
dtrace/uts/common/dtrace/dtrace.c
dtrace/uts/common/dtrace/lockstat.c
dtrace/uts/common/dtrace/profile.conf
dtrace/uts/common/netinet
dtrace/uts/common/netinet/in.h
dtrace/Bugs
dtrace/demo
dtrace/demo/io
dtrace/demo/io/iotime.d
dtrace/demo/io/iothrough.d
dtrace/demo/io/iosnoop.d
dtrace/demo/io/whowrite.d
dtrace/demo/io/applicat.d
dtrace/demo/io/whoio.d
dtrace/demo/io/iocpu.d
dtrace/demo/ip
dtrace/demo/ip/ipio.d
dtrace/demo/ip/ipproto.d
dtrace/demo/act
dtrace/demo/act/time.d
dtrace/demo/agg
dtrace/demo/agg/renormalize.d
dtrace/demo/agg/normalize.d
dtrace/demo/agg/writetimeq.d
dtrace/demo/agg/writesbycmdfd.d
dtrace/demo/agg/writetime.d
dtrace/demo/agg/writesbycmd.d
dtrace/demo/agg/dateprof.d
dtrace/demo/agg/trunc.d
dtrace/demo/agg/denorm.d
dtrace/demo/agg/lquantize.d
dtrace/demo/agg/writes.d
dtrace/demo/agg/clear.d
dtrace/demo/buf
dtrace/demo/buf/ring.d
dtrace/demo/fbt
dtrace/demo/fbt/delay.d
dtrace/demo/fbt/ssd.d
dtrace/demo/fbt/xioctl.d
dtrace/demo/fbt/putnext.d
dtrace/demo/out
dtrace/demo/out/printa.d
dtrace/demo/sdt
dtrace/demo/sdt/interval.d
dtrace/demo/sdt/intr.d
dtrace/demo/sdt/callout.d
dtrace/demo/anon
dtrace/demo/anon/iprb.d
dtrace/demo/proc
dtrace/demo/proc/sig.d
dtrace/demo/proc/progtime.d
dtrace/demo/proc/whoexec.d
dtrace/demo/proc/lwptime.d
dtrace/demo/spec
dtrace/demo/spec/specopen.d
dtrace/demo/spec/spec.d
dtrace/demo/vars
dtrace/demo/vars/rtime.d
dtrace/demo/vars/clause.d
dtrace/demo/user
dtrace/demo/user/errorpath.d
dtrace/demo/user/libc.d
dtrace/demo/user/userfunc.d
dtrace/demo/user/badopen.d
dtrace/demo/mkdemo.pl
dtrace/demo/Makefile
dtrace/demo/intro
dtrace/demo/intro/countdown.d
dtrace/demo/intro/trussrw.d
dtrace/demo/intro/counter.d
dtrace/demo/intro/hello.d
dtrace/demo/intro/rwtime.d
dtrace/demo/sched
dtrace/demo/sched/firebird.d
dtrace/demo/sched/pritime.d
dtrace/demo/sched/whosteal.d
dtrace/demo/sched/qtime.d
dtrace/demo/sched/pri.d
dtrace/demo/sched/xterm.d
dtrace/demo/sched/xwork.d
dtrace/demo/sched/howlong.d
dtrace/demo/sched/whofor.d
dtrace/demo/sched/nscd.d
dtrace/demo/sched/ticktime.d
dtrace/demo/sched/qlen.d
dtrace/demo/sched/tick.d
dtrace/demo/sched/whatfor.d
dtrace/demo/sched/whererun.d
dtrace/demo/sched/where.d
dtrace/demo/sched/whopreempt.d
dtrace/demo/sched/whoqueue.d
dtrace/demo/chapters
dtrace/demo/dtrace
dtrace/demo/dtrace/end.d
dtrace/demo/dtrace/error.d
dtrace/demo/dtrace/begin.d
dtrace/demo/sysinfo
dtrace/demo/sysinfo/find.d
dtrace/demo/script
dtrace/demo/script/syscall.d
dtrace/demo/script/tracewrite.d
dtrace/demo/script/interp.d
dtrace/demo/struct
dtrace/demo/struct/kstat.d
dtrace/demo/struct/ksyms.d
dtrace/demo/struct/rwinfo.d
dtrace/demo/vminfo
dtrace/demo/vminfo/soffice.d
dtrace/demo/lockstat
dtrace/demo/lockstat/whatlock.d
dtrace/demo/profile
dtrace/demo/profile/prof.d
dtrace/demo/profile/profpri.d
dtrace/demo/profile/restest.d
dtrace/tags
dtrace/files.lst
dtrace/.gdbinit
dtrace/build
dtrace/build/libproc.a
dtrace/build/dtrace
dtrace/build/libdtrace.a
dtrace/build/x86-32
dtrace/build/x86-32/libgcc.a
dtrace/build/libctf.a
dtrace/build/dtrace.o
dtrace/build/liblinux.a
dtrace/checksum.lst
dtrace/linux
dtrace/linux/sys
dtrace/linux/sys/regset.h
dtrace/linux/sys/privregs.h
dtrace/linux/sys/fp.h
dtrace/linux/sys/cpupart.h
dtrace/linux/sys/bitmap.h
dtrace/linux/sys/elf.h
dtrace/linux/sys/lwp.h
dtrace/linux/sys/feature_tests.h
dtrace/linux/sys/signal.h
dtrace/linux/sys/elf_386.h
dtrace/linux/sys/rctl_impl.h
dtrace/linux/sys/processor.h
dtrace/linux/sys/fault.h
dtrace/linux/sys/modctl.h
dtrace/linux/sys/types32.h
dtrace/linux/sys/stack.h
dtrace/linux/sys/isa_defs.h
dtrace/linux/sys/mkdev.h
dtrace/linux/sys/auxv.h
dtrace/linux/sys/elf_amd64.h
dtrace/linux/sys/cred.h
dtrace/linux/sys/model.h
dtrace/linux/sys/systeminfo.h
dtrace/linux/sys/frame.h
dtrace/linux/sys/procfs_isa.h
dtrace/linux/sys/systm.h
dtrace/linux/sys/kobj.h
dtrace/linux/sys/link.h
dtrace/linux/sys/segments.h
dtrace/linux/sys/objfs.h
dtrace/linux/sys/priv.h
dtrace/linux/sys/proc.h
dtrace/linux/sys/pset.h
dtrace/linux/sys/sysi86.h
dtrace/linux/sys/types.h
dtrace/linux/sys/task.h
dtrace/linux/sys/stat.h
dtrace/linux/sys/old_procfs.h
dtrace/linux/sys/kobj_impl.h
dtrace/linux/sys/elftypes.h
dtrace/linux/sys/vmem.h
dtrace/linux/sys/procset.h
dtrace/linux/sys/cyclic_impl.h
dtrace/linux/sys/int_limits.h
dtrace/linux/sys/stdint.h
dtrace/linux/sys/cpuvar.h
dtrace/linux/sys/param.h
dtrace/linux/sys/zmod.h
dtrace/linux/sys/project.h
dtrace/linux/sys/procfs.h
dtrace/linux/sys/corectl.h
dtrace/linux/sys/sysmacros.h
dtrace/linux/sys/cyclic.h
dtrace/linux/sys/statvfs.h
dtrace/linux/sys/fasttrap_isa.h
dtrace/linux/sys/int_types.h
dtrace/linux/sys/stream.h
dtrace/linux/sys/time_impl.h
dtrace/linux/sys/machelf.h
dtrace/linux/proc_service.h
dtrace/linux/atomic.h
dtrace/linux/strings.h
dtrace/linux/elf.h
dtrace/linux/stdio.h
dtrace/linux/door.h
dtrace/linux/ieeefp.h
dtrace/linux/synch.h
dtrace/linux/linux_types.h
dtrace/linux/link.h
dtrace/linux/rtld_db.h
dtrace/linux/priv.h
dtrace/linux/rctl.h
dtrace/linux/zone.h
dtrace/linux/project.h
dtrace/linux/procfs.h
dtrace/LICENSING.NOTICE
dtrace/tests
dtrace/tests/dt001
dtrace/tests/dt002
dtrace/tests/dt003
dtrace/tests/dt004
dtrace/tests/dt005
dtrace/tests/dt006
dtrace/tests/dt007
dtrace/tests/dt009
dtrace/tests/dt010
dtrace/tests/dt011
dtrace/tests/dt012
dtrace/tests/dt013
dtrace/tests/dt014
dtrace/tests/dt015
dtrace/tests/dt016
dtrace/tools
dtrace/tools/libgcc.pl
dtrace/tools/runtests.pl
dtrace/tools/load.pl
dtrace/tools/mksyscall.pl
dtrace/utils
dtrace/utils/kmem
dtrace/utils/asm.c
dtrace/utils/checksum.lst
dtrace/utils/README
dtrace/utils/makefile
dtrace/utils/access.c
dtrace/utils/mknod.c
dtrace/utils/getpid.c
dtrace/utils/getuid.c
dtrace/utils/kmem.c
dtrace/utils/diffprobes
dtrace/utils/pread.c
dtrace/utils/regparm.c
dtrace/README
dtrace/drivers
dtrace/drivers/checksum.lst
dtrace/drivers/make-me
dtrace/drivers/makefile
dtrace/drivers/dtrace
dtrace/drivers/dtrace/ctf_types.c
dtrace/drivers/dtrace/ctf_types.o
dtrace/drivers/dtrace/kcpp
dtrace/drivers/dtrace/load
dtrace/drivers/dtrace/.fasttrap.o.cmd
dtrace/drivers/dtrace/dtrace_asm.c
dtrace/drivers/dtrace/dtrace_asm.o
dtrace/drivers/dtrace/dtrace_asm.s
dtrace/drivers/dtrace/dtrace_isa.c
dtrace/drivers/dtrace/dtrace_isa.o
dtrace/drivers/dtrace/.fasttrap_linux.o.cmd
dtrace/drivers/dtrace/sdt_subr.c
dtrace/drivers/dtrace/sdt_subr.o
dtrace/drivers/dtrace/ctf_mod.c
dtrace/drivers/dtrace/ctf_mod.o
dtrace/drivers/dtrace/Makefile
dtrace/drivers/dtrace/fasttrap_linux.c
dtrace/drivers/dtrace/fasttrap_linux.o
dtrace/drivers/dtrace/uncompress.c
dtrace/drivers/dtrace/uncompress.o
dtrace/drivers/dtrace/dtracedrv.ko
dtrace/drivers/dtrace/.dtrace_linux.o.cmd
dtrace/drivers/dtrace/.dtracedrv.ko.cmd
dtrace/drivers/dtrace/.gdbinit
dtrace/drivers/dtrace/Module.symvers
dtrace/drivers/dtrace/dtrace_proto.h
dtrace/drivers/dtrace/checksum.lst
dtrace/drivers/dtrace/.dtrace_subr.o.cmd
dtrace/drivers/dtrace/syscalls-x86.tbl
dtrace/drivers/dtrace/.ctf_mod.o.cmd
dtrace/drivers/dtrace/.ctf_hash.o.cmd
dtrace/drivers/dtrace/.ctf_types.o.cmd
dtrace/drivers/dtrace/dtracedrv.o
dtrace/drivers/dtrace/.fbt_linux.o.cmd
dtrace/drivers/dtrace/divmod64.c
dtrace/drivers/dtrace/divmod64.o
dtrace/drivers/dtrace/cyclic_linux.c
dtrace/drivers/dtrace/cyclic_linux.o
dtrace/drivers/dtrace/sdt_linux.c
dtrace/drivers/dtrace/sdt_linux.o
dtrace/drivers/dtrace/.cyclic_linux.o.cmd
dtrace/drivers/dtrace/fbt_linux.c
dtrace/drivers/dtrace/fbt_linux.o
dtrace/drivers/dtrace/linux_pure.c
dtrace/drivers/dtrace/linux_pure.o
dtrace/drivers/dtrace/dtracedrv.mod.c
dtrace/drivers/dtrace/dtracedrv.mod.o
dtrace/drivers/dtrace/.built-in.o.cmd
dtrace/drivers/dtrace/.dis_tables.o.cmd
dtrace/drivers/dtrace/gcc-literal
dtrace/drivers/dtrace/dtrace_linux.c
dtrace/drivers/dtrace/dtrace_linux.h
dtrace/drivers/dtrace/dtrace_linux.o
dtrace/drivers/dtrace/.dtrace_isa.o.cmd
dtrace/drivers/dtrace/.sdt_subr.o.cmd
dtrace/drivers/dtrace/.tmp_versions
dtrace/drivers/dtrace/.tmp_versions/dtracedrv.mod
dtrace/drivers/dtrace/systrace.c
dtrace/drivers/dtrace/systrace.o
dtrace/drivers/dtrace/fasttrap.c
dtrace/drivers/dtrace/fasttrap.o
dtrace/drivers/dtrace/dtrace_subr.c
dtrace/drivers/dtrace/dtrace_subr.o
dtrace/drivers/dtrace/.sdt_linux.o.cmd
dtrace/drivers/dtrace/ctf_hash.c
dtrace/drivers/dtrace/ctf_hash.o
dtrace/drivers/dtrace/opensnoop
dtrace/drivers/dtrace/.ctf_lookup.o.cmd
dtrace/drivers/dtrace/.profile.o.cmd
dtrace/drivers/dtrace/.instr_size.o.cmd
dtrace/drivers/dtrace/.dtrace_asm.o.cmd
dtrace/drivers/dtrace/.dtrace.o.cmd
dtrace/drivers/dtrace/.ctf_subr.o.cmd
dtrace/drivers/dtrace/built-in.o
dtrace/drivers/dtrace/ctf_open.c
dtrace/drivers/dtrace/ctf_open.o
dtrace/drivers/dtrace/ctf_lookup.c
dtrace/drivers/dtrace/ctf_lookup.o
dtrace/drivers/dtrace/.systrace.o.cmd
dtrace/drivers/dtrace/.dtracedrv.mod.o.cmd
dtrace/drivers/dtrace/.fasttrap_isa.o.cmd
dtrace/drivers/dtrace/ctf_subr.c
dtrace/drivers/dtrace/ctf_subr.o
dtrace/drivers/dtrace/ctf_util.c
dtrace/drivers/dtrace/ctf_util.o
dtrace/drivers/dtrace/profile.c
dtrace/drivers/dtrace/profile.o
dtrace/drivers/dtrace/.divmod64.o.cmd
dtrace/drivers/dtrace/dis_tables.c
dtrace/drivers/dtrace/dis_tables.h
dtrace/drivers/dtrace/dis_tables.o
dtrace/drivers/dtrace/cyclic.c
dtrace/drivers/dtrace/fasttrap_isa.c
dtrace/drivers/dtrace/fasttrap_isa.o
dtrace/drivers/dtrace/.uncompress.o.cmd
dtrace/drivers/dtrace/.dtracedrv.o.cmd
dtrace/drivers/dtrace/dtrace.c
dtrace/drivers/dtrace/dtrace.o
dtrace/drivers/dtrace/.ctf_util.o.cmd
dtrace/drivers/dtrace/syscalls-x86-64.tbl
dtrace/drivers/dtrace/.linux_pure.o.cmd
dtrace/drivers/dtrace/instr_size.c
dtrace/drivers/dtrace/instr_size.o
dtrace/drivers/dtrace/.ctf_open.o.cmd
dtrace/drivers/include
dtrace/drivers/include/sys
dtrace/drivers/include/sys/atomic.h
dtrace/drivers/include/sys/priv_impl.h
dtrace/drivers/include/sys/policy.h
dtrace/drivers/include/sys/types32.h
dtrace/drivers/include/sys/taskq.h
dtrace/drivers/include/sys/mutex_impl.h
dtrace/drivers/include/sys/time.h
dtrace/drivers/include/sys/int_limits.h
dtrace/drivers/include/sys/stdint.h
dtrace/drivers/include/sys/cred_impl.h
dtrace/drivers/include/sys/panic.h
dtrace/drivers/include/sys/zone.h
dtrace/drivers/include/sys/cpuvar_defs.h
dtrace/drivers/include/sys/rwlock_impl.h
dtrace/drivers/include/sys/int_types.h
dtrace/drivers/include/sys/cmn_err.h
dtrace/drivers/include/zone.h
dtrace/drivers/include/features.h
dtrace/.ignore
dtrace/libproc
dtrace/libproc/i386
dtrace/libproc/i386/Makefile
dtrace/libproc/i386/Pisadep.c
dtrace/libproc/spec
dtrace/libproc/spec/i386
dtrace/libproc/spec/i386/Makefile
dtrace/libproc/spec/Makefile
dtrace/libproc/spec/Makefile.targ
dtrace/libproc/spec/amd64
dtrace/libproc/spec/amd64/Makefile
dtrace/libproc/spec/sparc
dtrace/libproc/spec/sparc/Makefile
dtrace/libproc/spec/sparcv9
dtrace/libproc/spec/sparcv9/Makefile
dtrace/libproc/spec/versions
dtrace/libproc/spec/proc.spec
dtrace/libproc/Makefile
dtrace/libproc/amd64
dtrace/libproc/amd64/Makefile
dtrace/libproc/amd64/Pisadep.c
dtrace/libproc/sparc
dtrace/libproc/sparc/Makefile
dtrace/libproc/sparc/Pisadep.c
dtrace/libproc/sparcv9
dtrace/libproc/sparcv9/Makefile
dtrace/libproc/sparcv9/Pisadep.c
dtrace/libproc/common
dtrace/libproc/common/proc_get_info.c
dtrace/libproc/common/pr_rename.c
dtrace/libproc/common/Pcore.c
dtrace/libproc/common/libproc.h
dtrace/libproc/common/Pidle.c
dtrace/libproc/common/pr_getitimer.c
dtrace/libproc/common/Putil.c
dtrace/libproc/common/Putil.h
dtrace/libproc/common/makefile
dtrace/libproc/common/pr_door.c
dtrace/libproc/common/pr_tasksys.c
dtrace/libproc/common/Pisadep.h
dtrace/libproc/common/pr_fcntl.c
dtrace/libproc/common/pr_exit.c
dtrace/libproc/common/pr_waitid.c
dtrace/libproc/common/Psyscall.c
dtrace/libproc/common/pr_sigaction.c
dtrace/libproc/common/Psymtab_machelf.h
dtrace/libproc/common/pr_lseek.c
dtrace/libproc/common/proc_stdio.c
dtrace/libproc/common/pr_mmap.c
dtrace/libproc/common/Pscantext.c
dtrace/libproc/common/pr_getsockname.c
dtrace/libproc/common/P32ton.c
dtrace/libproc/common/P32ton.h
dtrace/libproc/common/pr_getrctl.c
dtrace/libproc/common/proc_names.c
dtrace/libproc/common/Psymtab.c
dtrace/libproc/common/pr_open.c
dtrace/libproc/common/Pservice.c
dtrace/libproc/common/proc_arg.c
dtrace/libproc/common/proc_set.c
dtrace/libproc/common/Psymtab_machelf32.c
dtrace/libproc/common/Psymtab_machelf64.c
dtrace/libproc/common/pr_stat.c
dtrace/libproc/common/llib-lproc
dtrace/libproc/common/pr_getrlimit.c
dtrace/libproc/common/Pexecname.c
dtrace/libproc/common/Pstack.c
dtrace/libproc/common/Pstack.h
dtrace/libproc/common/pr_memcntl.c
dtrace/libproc/common/Pcontrol.c
dtrace/libproc/common/Pcontrol.h
dtrace/libproc/common/Pgcore.c
dtrace/libproc/common/pr_statvfs.c
dtrace/libproc/common/pisadep.c
dtrace/libproc/common/pr_meminfo.c
dtrace/libproc/common/pr_pbind.c
dtrace/libproc/common/Plwpregs.c
dtrace/libproc/common/pr_ioctl.c
dtrace/libproc/Makefile.com
dtrace/Changes
dtrace/makefile
dtrace/TIMESTAMP
dtrace/common
dtrace/common/ctf
dtrace/common/ctf/ctf_types.c
dtrace/common/ctf/ctf_labels.c
dtrace/common/ctf/ctf_hash.c
dtrace/common/ctf/ctf_impl.h
dtrace/common/ctf/ctf_create.c
dtrace/common/ctf/ctf_open.c
dtrace/common/ctf/ctf_lookup.c
dtrace/common/ctf/ctf_error.c
dtrace/common/ctf/ctf_util.c
dtrace/archive.sh
dtrace/libctf
dtrace/libctf/ctf_lib.c
dtrace/libctf/uncompress.c
dtrace/libctf/checksum.lst
dtrace/libctf/makefile
dtrace/libctf/llib-lctf
dtrace/libctf/ctf_subr.c
dtrace/libctf/libctf.h
dtrace/Differences
dtrace/liblinux
dtrace/liblinux/rd.c
dtrace/liblinux/strlcpy.c
dtrace/liblinux/Putil.c
dtrace/liblinux/makefile
dtrace/liblinux/gmatch.c
dtrace/liblinux/proc_names.c
dtrace/liblinux/proc.c
dtrace/liblinux/proc2.c
dtrace/Packages
dtrace/libdtrace
dtrace/libdtrace/i386
dtrace/libdtrace/i386/Makefile
dtrace/libdtrace/i386/dt_asmsubr.s
dtrace/libdtrace/i386/dt_isadep.c
dtrace/libdtrace/i386/regs.sed.in
dtrace/libdtrace/i386/regs.d.in
dtrace/libdtrace/dt_consume.c
dtrace/libdtrace/sysevent.sed.in
dtrace/libdtrace/dt_module.c
dtrace/libdtrace/dt_module.h
dtrace/libdtrace/unistd.d
dtrace/libdtrace/mkerrno.sh
dtrace/libdtrace/net.d
dtrace/libdtrace/nfs.d
dtrace/libdtrace/sparc
dtrace/libdtrace/sparc/Makefile
dtrace/libdtrace/sparc/dt_asmsubr.s
dtrace/libdtrace/sparc/dt_isadep.c
dtrace/libdtrace/sparc/regs.d
dtrace/libdtrace/dt_parser.c
dtrace/libdtrace/dt_parser.h
dtrace/libdtrace/ip.sed.in
dtrace/libdtrace/sched.d
dtrace/libdtrace/dt_handle.c
dtrace/libdtrace/dt_grammar.h
dtrace/libdtrace/dt_grammar.y
dtrace/libdtrace/dt_as.c
dtrace/libdtrace/dt_as.h
dtrace/libdtrace/dt_cc.c
dtrace/libdtrace/dt_cg.c
dtrace/libdtrace/mkerrtags.sh
dtrace/libdtrace/dt_options.c
dtrace/libdtrace/dt_xlator.c
dtrace/libdtrace/dt_xlator.h
dtrace/libdtrace/procfs.d.in
dtrace/libdtrace/makefile
dtrace/libdtrace/sparcv9
dtrace/libdtrace/sparcv9/Makefile
dtrace/libdtrace/dt_provider.c
dtrace/libdtrace/dt_provider.h
dtrace/libdtrace/dt_program.c
dtrace/libdtrace/dt_program.h
dtrace/libdtrace/dt_pragma.c
dtrace/libdtrace/sysevent.d.in
dtrace/libdtrace/stubs.c
dtrace/libdtrace/io.sed.in
dtrace/libdtrace/drti.c
dtrace/libdtrace/dt_printf.c
dtrace/libdtrace/dt_printf.h
dtrace/libdtrace/dt_error.c
dtrace/libdtrace/mksignal.sh
dtrace/libdtrace/procfs.sed.in
dtrace/libdtrace/dt_buf.c
dtrace/libdtrace/dt_buf.h
dtrace/libdtrace/dt_dis.c
dtrace/libdtrace/dt_dof.c
dtrace/libdtrace/dt_dof.h
dtrace/libdtrace/dt_lex.c
dtrace/libdtrace/dt_lex.l
dtrace/libdtrace/dt_map.c
dtrace/libdtrace/dt_names.c
dtrace/libdtrace/dt_pcb.c
dtrace/libdtrace/dt_pcb.h
dtrace/libdtrace/dt_pid.c
dtrace/libdtrace/dt_pid.h
dtrace/libdtrace/dt_errtags.c
dtrace/libdtrace/dt_errtags.h
dtrace/libdtrace/dt_decl.c
dtrace/libdtrace/dt_decl.h
dtrace/libdtrace/dt_string.c
dtrace/libdtrace/dt_string.h
dtrace/libdtrace/dt_strtab.c
dtrace/libdtrace/dt_strtab.h
dtrace/libdtrace/dt_impl.h
dtrace/libdtrace/dt_link.c
dtrace/libdtrace/dt_list.c
dtrace/libdtrace/dt_list.h
dtrace/libdtrace/dt_regset.c
dtrace/libdtrace/dt_regset.h
dtrace/libdtrace/dt_inttab.c
dtrace/libdtrace/dt_inttab.h
dtrace/libdtrace/dt_open.c
dtrace/libdtrace/dt_proc.c
dtrace/libdtrace/dt_proc.h
dtrace/libdtrace/io.d.in
dtrace/libdtrace/ip.d.in
dtrace/libdtrace/dtrace.h
dtrace/libdtrace/dt_subr.c
dtrace/libdtrace/llib-ldtrace
dtrace/libdtrace/dt_work.c
dtrace/libdtrace/dt_ident.c
dtrace/libdtrace/dt_ident.h
dtrace/libdtrace/mknames.sh
dtrace/libdtrace/dt_aggregate.c
